// Jest Snapshot v1, https://goo.gl/fbAQLP

exports[`matches snapshot 1`] = `
<div>
  <main
    class="TodoApp"
  >
    <div
      class="row"
    >
      <div
        class="col-md-6"
      >
        <h3>
          Todos
        </h3>
        <div>
          <ul>
            <li
              data-testid="laundry"
            >
              <div
                class="EditableTodo"
              >
                <div
                  class="mb-3"
                >
                  <div
                    class="float-end text-sm-end"
                  >
                    <button
                      class="EditableTodo-toggle btn-link btn btn-sm"
                    >
                      Edit
                    </button>
                    <button
                      class="EditableTodo-delBtn btn-link btn btn-sm text-danger"
                    >
                      Del
                    </button>
                  </div>
                  <div
                    class="Todo"
                  >
                    <div>
                      <b>
                        laundry
                      </b>
                       
                      <small>
                        (Priority:
                        3
                        )
                      </small>
                    </div>
                    <div>
                      <small>
                        testDescription
                      </small>
                    </div>
                  </div>
                </div>
              </div>
            </li>
            <li
              data-testid="water plants"
            >
              <div
                class="EditableTodo"
              >
                <div
                  class="mb-3"
                >
                  <div
                    class="float-end text-sm-end"
                  >
                    <button
                      class="EditableTodo-toggle btn-link btn btn-sm"
                    >
                      Edit
                    </button>
                    <button
                      class="EditableTodo-delBtn btn-link btn btn-sm text-danger"
                    >
                      Del
                    </button>
                  </div>
                  <div
                    class="Todo"
                  >
                    <div>
                      <b>
                        water plants
                      </b>
                       
                      <small>
                        (Priority:
                        1
                        )
                      </small>
                    </div>
                    <div>
                      <small>
                        testDescription2
                      </small>
                    </div>
                  </div>
                </div>
              </div>
            </li>
            <li
              data-testid="fix bike"
            >
              <div
                class="EditableTodo"
              >
                <div
                  class="mb-3"
                >
                  <div
                    class="float-end text-sm-end"
                  >
                    <button
                      class="EditableTodo-toggle btn-link btn btn-sm"
                    >
                      Edit
                    </button>
                    <button
                      class="EditableTodo-delBtn btn-link btn btn-sm text-danger"
                    >
                      Del
                    </button>
                  </div>
                  <div
                    class="Todo"
                  >
                    <div>
                      <b>
                        fix bike
                      </b>
                       
                      <small>
                        (Priority:
                        2
                        )
                      </small>
                    </div>
                    <div>
                      <small>
                        testDescription3
                      </small>
                    </div>
                  </div>
                </div>
              </div>
            </li>
          </ul>
        </div>
      </div>
      <div
        class="col-md-6"
      >
        <h3>
          Top Todo
        </h3>
        <section
          class="mb-4"
        >
          <div
            class="Todo"
          >
            <div>
              <b>
                water plants
              </b>
               
              <small>
                (Priority:
                1
                )
              </small>
            </div>
            <div>
              <small>
                testDescription2
              </small>
            </div>
          </div>
        </section>
        <section>
          <h3
            class="mb-3"
          >
            Add Nü
          </h3>
          <form
            class="NewTodoForm"
          >
            <div
              class="mb-3"
            >
              <input
                aria-label="Title"
                class="form-control"
                id="newTodo-title"
                name="title"
                placeholder="Title"
                value=""
              />
            </div>
            <div
              class="mb-3"
            >
              <textarea
                aria-label="Description"
                class="form-control"
                id="newTodo-description"
                name="description"
                placeholder="Description"
              />
            </div>
            <div
              class="mb-3 d-flex justify-content-between"
            >
              <div
                class="w-75 d-flex justify-content-between"
              >
                <label
                  class="d-inline-flex"
                  for="newTodo-priority"
                >
                  Priority:  
                </label>
                <select
                  class="form-control form-control-sm d-inline-flex"
                  id="newTodo-priority"
                  name="priority"
                >
                  <option
                    value="1"
                  >
                    Ultra-Über
                  </option>
                  <option
                    value="2"
                  >
                    Über
                  </option>
                  <option
                    value="3"
                  >
                    Meh
                  </option>
                </select>
              </div>
              <button
                class="btn-primary rig btn btn-sm NewTodoForm-addBtn"
              >
                Gø!
              </button>
            </div>
          </form>
        </section>
      </div>
    </div>
  </main>
</div>
`;
